[telegram] call attempt 1 ...
[telegram] attempt 1 failed: HTTP Error 400: BAD REQUEST
[telegram] call attempt 2 ...
[telegram] attempt 2 failed: HTTP Error 400: BAD REQUEST
[telegram] call attempt 3 ...
[telegram] attempt 3 failed: HTTP Error 400: BAD REQUEST
[telegram] FAILED all attempts
[x] call attempt 1 ...
[x] attempt 1 failed: HTTP Error 400: BAD REQUEST
[x] call attempt 2 ...
[x] attempt 2 failed: HTTP Error 400: BAD REQUEST
[x] call attempt 3 ...
[x] attempt 3 failed: HTTP Error 400: BAD REQUEST
[x] FAILED all attempts
[linkedin] call attempt 1 ...
[linkedin] attempt 1 failed: HTTP Error 400: BAD REQUEST
[linkedin] call attempt 2 ...
[linkedin] attempt 2 failed: HTTP Error 400: BAD REQUEST
[linkedin] call attempt 3 ...
[linkedin] attempt 3 failed: HTTP Error 400: BAD REQUEST
[linkedin] FAILED all attempts
PARTIAL: []
